<!DOCTYPE html>
<html lang="en">
<head>
<meta charset="UTF-8">
<meta http-equiv="X-UA-Compatible" content="IE=edge">
<meta name="viewport" content="width=device-width, initial-scale=1.0">
<meta name="generator" content="Asciidoctor 2.0.12">
<title>Sample AsciiDoc File</title>
<link rel="stylesheet" href="https://fonts.googleapis.com/css?family=Open+Sans:300,300italic,400,400italic,600,600italic%7CNoto+Serif:400,400italic,700,700italic%7CDroid+Sans+Mono:400,700">
<link rel="stylesheet" href="./asciidoctor.css">
</head>
<body class="article">
<div id="header">
<h1>Sample AsciiDoc File</h1>
</div>
<div id="content">
<div class="sect1">
<h2 id="_段落">Paragraph</h2>
<div class="sectionbody">

</div>
</div>
<div class="sect1">
<h2 id="_基本的な書き方">Basic Writing</h2>
<div class="sectionbody">
<div class="paragraph">
<p>No special markup is required to write a paragraph.
It is written continuously from one line to several lines.</p>
</div>
<div class="paragraph">
<p>When starting a new paragraph, include at least one blank line.</p>
</div>
<div class="listingblock">
<div class="content">
<pre>ここは無視されます</pre>
</div>
</div>
</div>
</div>
</div>
<div id="footer">
<div id="footer-text">
Last updated 2022-10-21 15:37:37 +0900
</div>
</div>
</body>
</html>